// Jest Snapshot v1, https://goo.gl/fbAQLP

exports[`render Root 1`] = `null`;

exports[`render Root Sessions 1`] = `
<View
  style={
    Array [
      Object {},
      Object {
        "alignItems": "center",
        "backgroundColor": "rgba(0, 0, 0, 0.0)",
      },
    ]
  }
>
  <View
    accessibilityIgnoresInvertColors={true}
    style={
      Object {
        "backgroundColor": "rgba(0, 0, 0, 0.0)",
        "width": 750,
      }
    }
  >
    <Image
      source={1}
      style={
        Array [
          Object {
            "bottom": 0,
            "left": 0,
            "position": "absolute",
            "right": 0,
            "top": 0,
          },
          Object {
            "height": undefined,
            "width": 750,
          },
          undefined,
        ]
      }
    />
    <View
      style={
        Array [
          Object {},
          Object {
            "alignItems": "center",
          },
        ]
      }
    >
      <Image
        resizeMode="contain"
        source={1}
        style={
          Object {
            "width": 100,
          }
        }
      />
    </View>
  </View>
</View>
`;
